device mps | source (2592, 17, 1000, 9) (9 domains) -> target (3680, 17, 1000, 9)
network B7 | train 2052 val 540 | batch 36
  epoch   1/200  loss 1.1859  src-val 54.07%  (best 54.07 @ 1)  44s
  epoch   2/200  loss 1.0253  src-val 80.00%  (best 80.00 @ 2)  86s
  epoch   3/200  loss 0.8606  src-val 84.81%  (best 84.81 @ 3)  129s
  epoch   4/200  loss 0.7623  src-val 85.74%  (best 85.74 @ 4)  171s
  epoch   5/200  loss 0.7228  src-val 86.48%  (best 86.48 @ 5)  214s
  epoch   6/200  loss 0.6859  src-val 87.41%  (best 87.41 @ 6)  256s
  epoch   7/200  loss 0.6858  src-val 87.78%  (best 87.78 @ 7)  298s
  epoch   8/200  loss 0.6586  src-val 87.59%  (best 87.78 @ 7)  341s
  epoch   9/200  loss 0.6521  src-val 87.59%  (best 87.78 @ 7)  383s
  epoch  10/200  loss 0.6475  src-val 87.59%  (best 87.78 @ 7)  425s
  epoch  11/200  loss 0.6408  src-val 87.96%  (best 87.96 @ 11)  468s
  epoch  12/200  loss 0.6300  src-val 87.96%  (best 87.96 @ 11)  510s
  epoch  13/200  loss 0.6432  src-val 88.33%  (best 88.33 @ 13)  555s
  epoch  14/200  loss 0.6200  src-val 88.89%  (best 88.89 @ 14)  599s
  epoch  15/200  loss 0.6264  src-val 89.26%  (best 89.26 @ 15)  644s
  epoch  16/200  loss 0.6312  src-val 89.07%  (best 89.26 @ 15)  691s
  epoch  17/200  loss 0.6211  src-val 89.07%  (best 89.26 @ 15)  736s
  epoch  18/200  loss 0.6084  src-val 89.26%  (best 89.26 @ 15)  780s
  epoch  19/200  loss 0.6182  src-val 89.07%  (best 89.26 @ 15)  824s
  epoch  20/200  loss 0.6194  src-val 89.07%  (best 89.26 @ 15)  868s
  epoch  21/200  loss 0.6082  src-val 89.26%  (best 89.26 @ 15)  912s
  epoch  22/200  loss 0.6155  src-val 89.07%  (best 89.26 @ 15)  956s
  epoch  23/200  loss 0.5993  src-val 89.26%  (best 89.26 @ 15)  999s
  epoch  24/200  loss 0.6066  src-val 89.26%  (best 89.26 @ 15)  1042s
  epoch  25/200  loss 0.5963  src-val 89.26%  (best 89.26 @ 15)  1085s
  epoch  26/200  loss 0.5977  src-val 89.26%  (best 89.26 @ 15)  1128s
  epoch  27/200  loss 0.6059  src-val 89.07%  (best 89.26 @ 15)  1172s
  epoch  28/200  loss 0.6077  src-val 88.89%  (best 89.26 @ 15)  1215s
  epoch  29/200  loss 0.6039  src-val 88.89%  (best 89.26 @ 15)  1259s
  epoch  30/200  loss 0.5886  src-val 89.07%  (best 89.26 @ 15)  1304s
  epoch  31/200  loss 0.5916  src-val 89.26%  (best 89.26 @ 15)  1351s
  epoch  32/200  loss 0.5859  src-val 89.63%  (best 89.63 @ 32)  1397s
  epoch  33/200  loss 0.5904  src-val 89.63%  (best 89.63 @ 32)  1444s
  epoch  34/200  loss 0.5820  src-val 89.44%  (best 89.63 @ 32)  1490s
  epoch  35/200  loss 0.6162  src-val 89.44%  (best 89.63 @ 32)  1537s
  epoch  36/200  loss 0.6036  src-val 89.44%  (best 89.63 @ 32)  1586s
  epoch  37/200  loss 0.5868  src-val 89.44%  (best 89.63 @ 32)  1633s
  epoch  38/200  loss 0.5842  src-val 89.44%  (best 89.63 @ 32)  1680s
  epoch  39/200  loss 0.6016  src-val 89.44%  (best 89.63 @ 32)  1727s
  epoch  40/200  loss 0.5852  src-val 89.44%  (best 89.63 @ 32)  1773s
  epoch  41/200  loss 0.5834  src-val 89.44%  (best 89.63 @ 32)  1818s
  epoch  42/200  loss 0.5776  src-val 89.44%  (best 89.63 @ 32)  1861s
  epoch  43/200  loss 0.5733  src-val 89.44%  (best 89.63 @ 32)  1904s
  epoch  44/200  loss 0.5718  src-val 89.44%  (best 89.63 @ 32)  1948s
  epoch  45/200  loss 0.5758  src-val 89.44%  (best 89.63 @ 32)  1991s
  epoch  46/200  loss 0.5955  src-val 89.44%  (best 89.63 @ 32)  2035s
  epoch  47/200  loss 0.5895  src-val 89.63%  (best 89.63 @ 32)  2079s
  epoch  48/200  loss 0.5862  src-val 90.00%  (best 90.00 @ 48)  2127s
  epoch  49/200  loss 0.5748  src-val 90.00%  (best 90.00 @ 48)  2170s
  epoch  50/200  loss 0.5684  src-val 90.00%  (best 90.00 @ 48)  2214s
  epoch  51/200  loss 0.5709  src-val 90.00%  (best 90.00 @ 48)  2257s
  epoch  52/200  loss 0.5712  src-val 90.19%  (best 90.19 @ 52)  2301s
  epoch  53/200  loss 0.5965  src-val 90.19%  (best 90.19 @ 52)  2346s
  epoch  54/200  loss 0.5854  src-val 90.37%  (best 90.37 @ 54)  2392s
  epoch  55/200  loss 0.5798  src-val 90.37%  (best 90.37 @ 54)  2439s
  epoch  56/200  loss 0.5676  src-val 90.19%  (best 90.37 @ 54)  2487s
  epoch  57/200  loss 0.5666  src-val 90.00%  (best 90.37 @ 54)  2535s
  epoch  58/200  loss 0.5658  src-val 90.00%  (best 90.37 @ 54)  2583s
  epoch  59/200  loss 0.5609  src-val 90.00%  (best 90.37 @ 54)  2631s
  epoch  60/200  loss 0.5825  src-val 90.00%  (best 90.37 @ 54)  2678s
  epoch  61/200  loss 0.5718  src-val 90.00%  (best 90.37 @ 54)  2725s
  epoch  62/200  loss 0.5728  src-val 90.00%  (best 90.37 @ 54)  2772s
  epoch  63/200  loss 0.5617  src-val 90.00%  (best 90.37 @ 54)  2818s
  epoch  64/200  loss 0.5841  src-val 90.00%  (best 90.37 @ 54)  2861s
  epoch  65/200  loss 0.5803  src-val 89.81%  (best 90.37 @ 54)  2905s
  epoch  66/200  loss 0.5704  src-val 89.81%  (best 90.37 @ 54)  2949s
  epoch  67/200  loss 0.5621  src-val 89.81%  (best 90.37 @ 54)  2992s
  epoch  68/200  loss 0.5619  src-val 89.81%  (best 90.37 @ 54)  3035s
  epoch  69/200  loss 0.5611  src-val 89.81%  (best 90.37 @ 54)  3079s
  epoch  70/200  loss 0.5891  src-val 89.81%  (best 90.37 @ 54)  3122s
  epoch  71/200  loss 0.5673  src-val 89.81%  (best 90.37 @ 54)  3165s
  epoch  72/200  loss 0.5685  src-val 89.81%  (best 90.37 @ 54)  3208s
  epoch  73/200  loss 0.5627  src-val 89.81%  (best 90.37 @ 54)  3253s
  epoch  74/200  loss 0.5599  src-val 90.00%  (best 90.37 @ 54)  3299s
  epoch  75/200  loss 0.5598  src-val 90.00%  (best 90.37 @ 54)  3345s
  epoch  76/200  loss 0.5691  src-val 90.00%  (best 90.37 @ 54)  3393s
  epoch  77/200  loss 0.5800  src-val 90.00%  (best 90.37 @ 54)  3440s
  epoch  78/200  loss 0.5700  src-val 90.00%  (best 90.37 @ 54)  3487s
  epoch  79/200  loss 0.5590  src-val 90.19%  (best 90.37 @ 54)  3533s
  epoch  80/200  loss 0.5773  src-val 90.19%  (best 90.37 @ 54)  3580s
  epoch  81/200  loss 0.5620  src-val 90.00%  (best 90.37 @ 54)  3627s
  epoch  82/200  loss 0.5628  src-val 90.00%  (best 90.37 @ 54)  3674s
  epoch  83/200  loss 0.5719  src-val 90.19%  (best 90.37 @ 54)  3720s
  epoch  84/200  loss 0.5633  src-val 90.19%  (best 90.37 @ 54)  3763s
  epoch  85/200  loss 0.5626  src-val 90.19%  (best 90.37 @ 54)  3807s
  epoch  86/200  loss 0.5645  src-val 90.19%  (best 90.37 @ 54)  3850s
  epoch  87/200  loss 0.5655  src-val 90.19%  (best 90.37 @ 54)  3893s
  epoch  88/200  loss 0.5518  src-val 90.19%  (best 90.37 @ 54)  3935s
  epoch  89/200  loss 0.5633  src-val 90.19%  (best 90.37 @ 54)  3978s
  epoch  90/200  loss 0.5810  src-val 90.37%  (best 90.37 @ 54)  4021s
  epoch  91/200  loss 0.5629  src-val 90.37%  (best 90.37 @ 54)  4064s
  epoch  92/200  loss 0.5518  src-val 90.37%  (best 90.37 @ 54)  4107s
  epoch  93/200  loss 0.5540  src-val 90.37%  (best 90.37 @ 54)  4150s
  epoch  94/200  loss 0.5656  src-val 90.37%  (best 90.37 @ 54)  4195s
  epoch  95/200  loss 0.5660  src-val 90.37%  (best 90.37 @ 54)  4238s
  epoch  96/200  loss 0.5663  src-val 90.37%  (best 90.37 @ 54)  4281s
  epoch  97/200  loss 0.5592  src-val 90.37%  (best 90.37 @ 54)  4325s
  epoch  98/200  loss 0.5618  src-val 90.37%  (best 90.37 @ 54)  4369s
  epoch  99/200  loss 0.5703  src-val 90.37%  (best 90.37 @ 54)  4412s
  epoch 100/200  loss 0.5719  src-val 90.37%  (best 90.37 @ 54)  4455s
  epoch 101/200  loss 0.5508  src-val 90.56%  (best 90.56 @ 101)  4500s
  epoch 102/200  loss 0.5533  src-val 90.56%  (best 90.56 @ 101)  4546s
  epoch 103/200  loss 0.5691  src-val 90.74%  (best 90.74 @ 103)  4591s
  epoch 104/200  loss 0.5785  src-val 90.74%  (best 90.74 @ 103)  4637s
  epoch 105/200  loss 0.5583  src-val 90.74%  (best 90.74 @ 103)  4683s
  epoch 106/200  loss 0.5639  src-val 90.74%  (best 90.74 @ 103)  4729s
  epoch 107/200  loss 0.5560  src-val 90.74%  (best 90.74 @ 103)  4777s
  epoch 108/200  loss 0.5487  src-val 90.74%  (best 90.74 @ 103)  4824s
  epoch 109/200  loss 0.5531  src-val 90.74%  (best 90.74 @ 103)  4872s
  epoch 110/200  loss 0.5535  src-val 90.74%  (best 90.74 @ 103)  4920s
  epoch 111/200  loss 0.5591  src-val 90.74%  (best 90.74 @ 103)  4967s
  epoch 112/200  loss 0.5546  src-val 90.74%  (best 90.74 @ 103)  5010s
  epoch 113/200  loss 0.5550  src-val 90.56%  (best 90.74 @ 103)  5053s
  epoch 114/200  loss 0.5756  src-val 90.74%  (best 90.74 @ 103)  5097s
  epoch 115/200  loss 0.5785  src-val 90.74%  (best 90.74 @ 103)  5140s
  epoch 116/200  loss 0.5517  src-val 90.74%  (best 90.74 @ 103)  5184s
  epoch 117/200  loss 0.5567  src-val 90.74%  (best 90.74 @ 103)  5226s
  epoch 118/200  loss 0.5537  src-val 90.74%  (best 90.74 @ 103)  5269s
  epoch 119/200  loss 0.5443  src-val 90.74%  (best 90.74 @ 103)  5312s
  epoch 120/200  loss 0.5488  src-val 90.74%  (best 90.74 @ 103)  5355s
  epoch 121/200  loss 0.5466  src-val 90.74%  (best 90.74 @ 103)  5398s
  epoch 122/200  loss 0.5479  src-val 90.74%  (best 90.74 @ 103)  5441s
  epoch 123/200  loss 0.5538  src-val 90.74%  (best 90.74 @ 103)  5484s
  epoch 124/200  loss 0.5477  src-val 90.74%  (best 90.74 @ 103)  5527s
  epoch 125/200  loss 0.5541  src-val 90.74%  (best 90.74 @ 103)  5573s
  epoch 126/200  loss 0.5529  src-val 90.74%  (best 90.74 @ 103)  5619s
  epoch 127/200  loss 0.5606  src-val 90.74%  (best 90.74 @ 103)  5665s
  epoch 128/200  loss 0.5624  src-val 90.74%  (best 90.74 @ 103)  5711s
  epoch 129/200  loss 0.5512  src-val 90.74%  (best 90.74 @ 103)  5757s
  epoch 130/200  loss 0.5554  src-val 90.74%  (best 90.74 @ 103)  5804s
  epoch 131/200  loss 0.5570  src-val 90.74%  (best 90.74 @ 103)  5850s
  epoch 132/200  loss 0.5518  src-val 90.74%  (best 90.74 @ 103)  5897s
  epoch 133/200  loss 0.5463  src-val 90.74%  (best 90.74 @ 103)  5943s
  epoch 134/200  loss 0.5510  src-val 90.74%  (best 90.74 @ 103)  5990s
  epoch 135/200  loss 0.5477  src-val 90.74%  (best 90.74 @ 103)  6035s
  epoch 136/200  loss 0.5433  src-val 90.74%  (best 90.74 @ 103)  6078s
  epoch 137/200  loss 0.5523  src-val 90.74%  (best 90.74 @ 103)  6121s
  epoch 138/200  loss 0.5565  src-val 90.74%  (best 90.74 @ 103)  6163s
  epoch 139/200  loss 0.5517  src-val 90.74%  (best 90.74 @ 103)  6205s
  epoch 140/200  loss 0.5580  src-val 90.74%  (best 90.74 @ 103)  6248s
  epoch 141/200  loss 0.5520  src-val 90.74%  (best 90.74 @ 103)  6290s
  epoch 142/200  loss 0.5668  src-val 90.74%  (best 90.74 @ 103)  6333s
  epoch 143/200  loss 0.5497  src-val 90.74%  (best 90.74 @ 103)  6377s
  epoch 144/200  loss 0.5544  src-val 90.74%  (best 90.74 @ 103)  6419s
  epoch 145/200  loss 0.5474  src-val 90.74%  (best 90.74 @ 103)  6462s
  epoch 146/200  loss 0.5483  src-val 90.74%  (best 90.74 @ 103)  6505s
  epoch 147/200  loss 0.5545  src-val 90.74%  (best 90.74 @ 103)  6547s
  epoch 148/200  loss 0.5605  src-val 90.74%  (best 90.74 @ 103)  6590s
  epoch 149/200  loss 0.5591  src-val 90.74%  (best 90.74 @ 103)  6633s
  epoch 150/200  loss 0.5579  src-val 90.74%  (best 90.74 @ 103)  6676s
  epoch 151/200  loss 0.5535  src-val 90.74%  (best 90.74 @ 103)  6720s
  epoch 152/200  loss 0.5434  src-val 90.74%  (best 90.74 @ 103)  6762s
  epoch 153/200  loss 0.5459  src-val 90.74%  (best 90.74 @ 103)  6805s
  epoch 154/200  loss 0.5641  src-val 90.93%  (best 90.93 @ 154)  6849s
  epoch 155/200  loss 0.5419  src-val 90.93%  (best 90.93 @ 154)  6892s
  epoch 156/200  loss 0.5483  src-val 90.93%  (best 90.93 @ 154)  6935s
  epoch 157/200  loss 0.5455  src-val 90.93%  (best 90.93 @ 154)  6978s
  epoch 158/200  loss 0.5485  src-val 90.93%  (best 90.93 @ 154)  7021s
  epoch 159/200  loss 0.5448  src-val 91.11%  (best 91.11 @ 159)  7064s
  epoch 160/200  loss 0.5525  src-val 91.11%  (best 91.11 @ 159)  7106s
  epoch 161/200  loss 0.5416  src-val 91.11%  (best 91.11 @ 159)  7149s
  epoch 162/200  loss 0.5405  src-val 90.93%  (best 91.11 @ 159)  7192s
  epoch 163/200  loss 0.5508  src-val 90.93%  (best 91.11 @ 159)  7235s
  epoch 164/200  loss 0.5487  src-val 90.93%  (best 91.11 @ 159)  7277s
  epoch 165/200  loss 0.5350  src-val 90.93%  (best 91.11 @ 159)  7320s
  epoch 166/200  loss 0.5502  src-val 90.93%  (best 91.11 @ 159)  7364s
  epoch 167/200  loss 0.5515  src-val 90.93%  (best 91.11 @ 159)  7407s
  epoch 168/200  loss 0.5415  src-val 90.93%  (best 91.11 @ 159)  7452s
  epoch 169/200  loss 0.5403  src-val 90.93%  (best 91.11 @ 159)  7500s
  epoch 170/200  loss 0.5477  src-val 90.93%  (best 91.11 @ 159)  7548s
  epoch 171/200  loss 0.5473  src-val 90.93%  (best 91.11 @ 159)  7596s
  epoch 172/200  loss 0.5582  src-val 90.93%  (best 91.11 @ 159)  7644s
  epoch 173/200  loss 0.5431  src-val 90.93%  (best 91.11 @ 159)  7691s
  epoch 174/200  loss 0.5425  src-val 90.93%  (best 91.11 @ 159)  7740s
  epoch 175/200  loss 0.5394  src-val 90.93%  (best 91.11 @ 159)  7787s
  epoch 176/200  loss 0.5437  src-val 91.11%  (best 91.11 @ 159)  7835s
  epoch 177/200  loss 0.5479  src-val 91.11%  (best 91.11 @ 159)  7882s
  epoch 178/200  loss 0.5485  src-val 91.11%  (best 91.11 @ 159)  7930s
  epoch 179/200  loss 0.5503  src-val 91.11%  (best 91.11 @ 159)  7976s
  epoch 180/200  loss 0.5442  src-val 91.30%  (best 91.30 @ 180)  8020s
  epoch 181/200  loss 0.5377  src-val 91.30%  (best 91.30 @ 180)  8064s
  epoch 182/200  loss 0.5373  src-val 91.30%  (best 91.30 @ 180)  8107s
  epoch 183/200  loss 0.5570  src-val 91.30%  (best 91.30 @ 180)  8151s
  epoch 184/200  loss 0.5555  src-val 91.30%  (best 91.30 @ 180)  8194s
  epoch 185/200  loss 0.5502  src-val 91.30%  (best 91.30 @ 180)  8238s
  epoch 186/200  loss 0.5369  src-val 91.30%  (best 91.30 @ 180)  8282s
  epoch 187/200  loss 0.5531  src-val 91.30%  (best 91.30 @ 180)  8326s
  epoch 188/200  loss 0.5703  src-val 91.30%  (best 91.30 @ 180)  8369s
  epoch 189/200  loss 0.5450  src-val 91.30%  (best 91.30 @ 180)  8413s
  epoch 190/200  loss 0.5361  src-val 91.48%  (best 91.48 @ 190)  8458s
  epoch 191/200  loss 0.5386  src-val 91.30%  (best 91.48 @ 190)  8501s
  epoch 192/200  loss 0.5400  src-val 91.30%  (best 91.48 @ 190)  8545s
  epoch 193/200  loss 0.5359  src-val 91.30%  (best 91.48 @ 190)  8589s
  epoch 194/200  loss 0.5473  src-val 91.30%  (best 91.48 @ 190)  8632s
  epoch 195/200  loss 0.5419  src-val 91.30%  (best 91.48 @ 190)  8675s
  epoch 196/200  loss 0.5442  src-val 91.30%  (best 91.48 @ 190)  8721s
  epoch 197/200  loss 0.5470  src-val 91.30%  (best 91.48 @ 190)  8767s
  epoch 198/200  loss 0.5420  src-val 91.30%  (best 91.48 @ 190)  8813s
  epoch 199/200  loss 0.5374  src-val 91.30%  (best 91.48 @ 190)  8859s
  epoch 200/200  loss 0.5460  src-val 91.48%  (best 91.48 @ 190)  8905s

--> B7: source-val 91.48%  |  TARGET 2b 63.51%  (148.5 min)
    B01 56.50  B02 58.75  B03 59.50  B04 76.90  B05 63.33  B06 65.25  B07 61.50  B08 68.86  B09 61.00
