device mps | source (2592, 3, 1000, 9) (9 domains) -> target (3680, 3, 1000, 9)
network B7 | train 2052 val 540 | batch 36
  epoch   1/200  loss 1.1639  src-val 58.70%  (best 58.70 @ 1)  35s
  epoch   2/200  loss 1.0045  src-val 76.48%  (best 76.48 @ 2)  69s
  epoch   3/200  loss 0.9219  src-val 76.67%  (best 76.67 @ 3)  104s
  epoch   4/200  loss 0.8951  src-val 77.96%  (best 77.96 @ 4)  139s
  epoch   5/200  loss 0.8770  src-val 77.41%  (best 77.96 @ 4)  173s
  epoch   6/200  loss 0.8308  src-val 77.78%  (best 77.96 @ 4)  208s
  epoch   7/200  loss 0.8431  src-val 77.78%  (best 77.96 @ 4)  243s
  epoch   8/200  loss 0.8067  src-val 77.78%  (best 77.96 @ 4)  277s
  epoch   9/200  loss 0.8065  src-val 78.70%  (best 78.70 @ 9)  312s
  epoch  10/200  loss 0.8042  src-val 78.52%  (best 78.70 @ 9)  346s
  epoch  11/200  loss 0.8129  src-val 78.70%  (best 78.70 @ 9)  380s
  epoch  12/200  loss 0.7867  src-val 78.70%  (best 78.70 @ 9)  415s
  epoch  13/200  loss 0.8103  src-val 79.07%  (best 79.07 @ 13)  449s
  epoch  14/200  loss 0.7940  src-val 79.26%  (best 79.26 @ 14)  483s
  epoch  15/200  loss 0.7958  src-val 79.63%  (best 79.63 @ 15)  517s
  epoch  16/200  loss 0.8064  src-val 79.81%  (best 79.81 @ 16)  551s
  epoch  17/200  loss 0.7928  src-val 80.00%  (best 80.00 @ 17)  584s
  epoch  18/200  loss 0.7825  src-val 79.81%  (best 80.00 @ 17)  618s
  epoch  19/200  loss 0.8141  src-val 80.00%  (best 80.00 @ 17)  652s
  epoch  20/200  loss 0.8003  src-val 80.00%  (best 80.00 @ 17)  686s
  epoch  21/200  loss 0.7957  src-val 80.00%  (best 80.00 @ 17)  720s
  epoch  22/200  loss 0.8148  src-val 80.19%  (best 80.19 @ 22)  754s
  epoch  23/200  loss 0.7824  src-val 80.19%  (best 80.19 @ 22)  788s
  epoch  24/200  loss 0.7962  src-val 80.19%  (best 80.19 @ 22)  822s
  epoch  25/200  loss 0.7809  src-val 80.19%  (best 80.19 @ 22)  856s
  epoch  26/200  loss 0.7815  src-val 80.00%  (best 80.19 @ 22)  890s
  epoch  27/200  loss 0.7877  src-val 80.00%  (best 80.19 @ 22)  924s
  epoch  28/200  loss 0.7739  src-val 80.00%  (best 80.19 @ 22)  958s
  epoch  29/200  loss 0.7721  src-val 80.00%  (best 80.19 @ 22)  993s
  epoch  30/200  loss 0.7632  src-val 80.00%  (best 80.19 @ 22)  1027s
  epoch  31/200  loss 0.7693  src-val 80.00%  (best 80.19 @ 22)  1060s
  epoch  32/200  loss 0.7644  src-val 80.00%  (best 80.19 @ 22)  1094s
  epoch  33/200  loss 0.7718  src-val 79.81%  (best 80.19 @ 22)  1129s
  epoch  34/200  loss 0.7761  src-val 80.19%  (best 80.19 @ 22)  1163s
  epoch  35/200  loss 0.7887  src-val 80.19%  (best 80.19 @ 22)  1196s
  epoch  36/200  loss 0.7761  src-val 80.19%  (best 80.19 @ 22)  1230s
  epoch  37/200  loss 0.7724  src-val 80.19%  (best 80.19 @ 22)  1264s
  epoch  38/200  loss 0.7667  src-val 80.19%  (best 80.19 @ 22)  1298s
  epoch  39/200  loss 0.7977  src-val 79.81%  (best 80.19 @ 22)  1332s
  epoch  40/200  loss 0.7737  src-val 80.00%  (best 80.19 @ 22)  1366s
  epoch  41/200  loss 0.7717  src-val 80.00%  (best 80.19 @ 22)  1400s
  epoch  42/200  loss 0.7611  src-val 80.19%  (best 80.19 @ 22)  1435s
  epoch  43/200  loss 0.7637  src-val 80.19%  (best 80.19 @ 22)  1469s
  epoch  44/200  loss 0.7584  src-val 80.37%  (best 80.37 @ 44)  1504s
  epoch  45/200  loss 0.7562  src-val 80.56%  (best 80.56 @ 45)  1538s
  epoch  46/200  loss 0.7669  src-val 80.56%  (best 80.56 @ 45)  1572s
  epoch  47/200  loss 0.7686  src-val 80.56%  (best 80.56 @ 45)  1607s
  epoch  48/200  loss 0.7864  src-val 80.56%  (best 80.56 @ 45)  1641s
  epoch  49/200  loss 0.7508  src-val 80.56%  (best 80.56 @ 45)  1676s
  epoch  50/200  loss 0.7473  src-val 80.56%  (best 80.56 @ 45)  1710s
  epoch  51/200  loss 0.7479  src-val 80.56%  (best 80.56 @ 45)  1745s
  epoch  52/200  loss 0.7560  src-val 80.56%  (best 80.56 @ 45)  1779s
  epoch  53/200  loss 0.7599  src-val 80.56%  (best 80.56 @ 45)  1814s
  epoch  54/200  loss 0.7629  src-val 80.56%  (best 80.56 @ 45)  1849s
  epoch  55/200  loss 0.7639  src-val 80.56%  (best 80.56 @ 45)  1884s
  epoch  56/200  loss 0.7558  src-val 80.37%  (best 80.56 @ 45)  1918s
  epoch  57/200  loss 0.7451  src-val 80.37%  (best 80.56 @ 45)  1953s
  epoch  58/200  loss 0.7532  src-val 80.00%  (best 80.56 @ 45)  1988s
  epoch  59/200  loss 0.7454  src-val 80.00%  (best 80.56 @ 45)  2023s
  epoch  60/200  loss 0.7842  src-val 80.00%  (best 80.56 @ 45)  2057s
  epoch  61/200  loss 0.7652  src-val 80.00%  (best 80.56 @ 45)  2091s
  epoch  62/200  loss 0.7632  src-val 80.19%  (best 80.56 @ 45)  2125s
  epoch  63/200  loss 0.7491  src-val 80.19%  (best 80.56 @ 45)  2159s
  epoch  64/200  loss 0.7534  src-val 80.19%  (best 80.56 @ 45)  2193s
  epoch  65/200  loss 0.7454  src-val 80.19%  (best 80.56 @ 45)  2227s
  epoch  66/200  loss 0.7557  src-val 80.19%  (best 80.56 @ 45)  2261s
  epoch  67/200  loss 0.7608  src-val 80.19%  (best 80.56 @ 45)  2295s
  epoch  68/200  loss 0.7832  src-val 80.37%  (best 80.56 @ 45)  2329s
  epoch  69/200  loss 0.7442  src-val 80.37%  (best 80.56 @ 45)  2363s
  epoch  70/200  loss 0.7800  src-val 80.37%  (best 80.56 @ 45)  2397s
  epoch  71/200  loss 0.7534  src-val 80.56%  (best 80.56 @ 45)  2431s
  epoch  72/200  loss 0.7453  src-val 80.56%  (best 80.56 @ 45)  2466s
  epoch  73/200  loss 0.7405  src-val 80.74%  (best 80.74 @ 73)  2500s
  epoch  74/200  loss 0.7380  src-val 80.74%  (best 80.74 @ 73)  2535s
  epoch  75/200  loss 0.7450  src-val 80.56%  (best 80.74 @ 73)  2569s
  epoch  76/200  loss 0.7431  src-val 80.56%  (best 80.74 @ 73)  2604s
  epoch  77/200  loss 0.7521  src-val 80.56%  (best 80.74 @ 73)  2638s
  epoch  78/200  loss 0.7498  src-val 80.74%  (best 80.74 @ 73)  2672s
  epoch  79/200  loss 0.7369  src-val 80.74%  (best 80.74 @ 73)  2706s
  epoch  80/200  loss 0.7436  src-val 80.74%  (best 80.74 @ 73)  2740s
  epoch  81/200  loss 0.7358  src-val 80.93%  (best 80.93 @ 81)  2774s
  epoch  82/200  loss 0.7340  src-val 80.93%  (best 80.93 @ 81)  2807s
  epoch  83/200  loss 0.7453  src-val 80.93%  (best 80.93 @ 81)  2842s
  epoch  84/200  loss 0.7408  src-val 80.93%  (best 80.93 @ 81)  2876s
  epoch  85/200  loss 0.7440  src-val 80.93%  (best 80.93 @ 81)  2910s
  epoch  86/200  loss 0.7517  src-val 80.93%  (best 80.93 @ 81)  2944s
  epoch  87/200  loss 0.7508  src-val 80.93%  (best 80.93 @ 81)  2978s
  epoch  88/200  loss 0.7247  src-val 80.74%  (best 80.93 @ 81)  3012s
  epoch  89/200  loss 0.7253  src-val 80.74%  (best 80.93 @ 81)  3046s
  epoch  90/200  loss 0.7484  src-val 80.74%  (best 80.93 @ 81)  3080s
  epoch  91/200  loss 0.7518  src-val 80.56%  (best 80.93 @ 81)  3115s
  epoch  92/200  loss 0.7338  src-val 80.74%  (best 80.93 @ 81)  3149s
  epoch  93/200  loss 0.7292  src-val 80.74%  (best 80.93 @ 81)  3183s
  epoch  94/200  loss 0.7458  src-val 80.74%  (best 80.93 @ 81)  3217s
  epoch  95/200  loss 0.7523  src-val 80.74%  (best 80.93 @ 81)  3251s
  epoch  96/200  loss 0.7502  src-val 80.93%  (best 80.93 @ 81)  3285s
  epoch  97/200  loss 0.7263  src-val 80.93%  (best 80.93 @ 81)  3319s
  epoch  98/200  loss 0.7230  src-val 80.93%  (best 80.93 @ 81)  3353s
  epoch  99/200  loss 0.7579  src-val 81.11%  (best 81.11 @ 99)  3387s
  epoch 100/200  loss 0.7292  src-val 81.30%  (best 81.30 @ 100)  3422s
  epoch 101/200  loss 0.7215  src-val 81.30%  (best 81.30 @ 100)  3456s
  epoch 102/200  loss 0.7425  src-val 81.30%  (best 81.30 @ 100)  3491s
  epoch 103/200  loss 0.7351  src-val 81.48%  (best 81.48 @ 103)  3525s
  epoch 104/200  loss 0.7467  src-val 81.48%  (best 81.48 @ 103)  3559s
  epoch 105/200  loss 0.7241  src-val 81.48%  (best 81.48 @ 103)  3593s
  epoch 106/200  loss 0.7338  src-val 81.48%  (best 81.48 @ 103)  3627s
  epoch 107/200  loss 0.7186  src-val 81.48%  (best 81.48 @ 103)  3661s
  epoch 108/200  loss 0.7229  src-val 81.48%  (best 81.48 @ 103)  3695s
  epoch 109/200  loss 0.7133  src-val 81.48%  (best 81.48 @ 103)  3729s
  epoch 110/200  loss 0.7174  src-val 81.48%  (best 81.48 @ 103)  3764s
  epoch 111/200  loss 0.7362  src-val 81.48%  (best 81.48 @ 103)  3798s
  epoch 112/200  loss 0.7246  src-val 81.48%  (best 81.48 @ 103)  3832s
  epoch 113/200  loss 0.7308  src-val 81.48%  (best 81.48 @ 103)  3867s
  epoch 114/200  loss 0.7362  src-val 81.48%  (best 81.48 @ 103)  3901s
  epoch 115/200  loss 0.7290  src-val 81.30%  (best 81.48 @ 103)  3935s
  epoch 116/200  loss 0.7108  src-val 81.30%  (best 81.48 @ 103)  3969s
  epoch 117/200  loss 0.7293  src-val 81.30%  (best 81.48 @ 103)  4003s
  epoch 118/200  loss 0.7199  src-val 81.30%  (best 81.48 @ 103)  4037s
  epoch 119/200  loss 0.7105  src-val 81.48%  (best 81.48 @ 103)  4071s
  epoch 120/200  loss 0.7068  src-val 81.30%  (best 81.48 @ 103)  4105s
  epoch 121/200  loss 0.7060  src-val 81.30%  (best 81.48 @ 103)  4139s
  epoch 122/200  loss 0.7106  src-val 81.30%  (best 81.48 @ 103)  4172s
  epoch 123/200  loss 0.7099  src-val 81.11%  (best 81.48 @ 103)  4206s
  epoch 124/200  loss 0.7124  src-val 81.11%  (best 81.48 @ 103)  4240s
  epoch 125/200  loss 0.7367  src-val 81.30%  (best 81.48 @ 103)  4274s
  epoch 126/200  loss 0.7324  src-val 81.11%  (best 81.48 @ 103)  4308s
  epoch 127/200  loss 0.7567  src-val 81.11%  (best 81.48 @ 103)  4341s
  epoch 128/200  loss 0.7218  src-val 80.93%  (best 81.48 @ 103)  4375s
  epoch 129/200  loss 0.7123  src-val 81.11%  (best 81.48 @ 103)  4409s
  epoch 130/200  loss 0.7113  src-val 81.11%  (best 81.48 @ 103)  4443s
  epoch 131/200  loss 0.7231  src-val 81.11%  (best 81.48 @ 103)  4477s
  epoch 132/200  loss 0.7296  src-val 81.11%  (best 81.48 @ 103)  4511s
  epoch 133/200  loss 0.7070  src-val 81.11%  (best 81.48 @ 103)  4544s
  epoch 134/200  loss 0.7174  src-val 80.93%  (best 81.48 @ 103)  4578s
  epoch 135/200  loss 0.7066  src-val 80.74%  (best 81.48 @ 103)  4612s
  epoch 136/200  loss 0.7056  src-val 80.74%  (best 81.48 @ 103)  4646s
  epoch 137/200  loss 0.7143  src-val 80.74%  (best 81.48 @ 103)  4680s
  epoch 138/200  loss 0.7113  src-val 80.93%  (best 81.48 @ 103)  4713s
  epoch 139/200  loss 0.7048  src-val 80.93%  (best 81.48 @ 103)  4747s
  epoch 140/200  loss 0.7125  src-val 80.74%  (best 81.48 @ 103)  4781s
  epoch 141/200  loss 0.7475  src-val 80.74%  (best 81.48 @ 103)  4815s
  epoch 142/200  loss 0.7324  src-val 80.74%  (best 81.48 @ 103)  4848s
  epoch 143/200  loss 0.7139  src-val 80.74%  (best 81.48 @ 103)  4882s
  epoch 144/200  loss 0.7095  src-val 80.74%  (best 81.48 @ 103)  4916s
  epoch 145/200  loss 0.7110  src-val 80.74%  (best 81.48 @ 103)  4950s
  epoch 146/200  loss 0.7076  src-val 80.74%  (best 81.48 @ 103)  4984s
  epoch 147/200  loss 0.7074  src-val 80.74%  (best 81.48 @ 103)  5017s
  epoch 148/200  loss 0.6987  src-val 80.74%  (best 81.48 @ 103)  5051s
  epoch 149/200  loss 0.7099  src-val 80.74%  (best 81.48 @ 103)  5085s
  epoch 150/200  loss 0.7291  src-val 80.74%  (best 81.48 @ 103)  5119s
  epoch 151/200  loss 0.7106  src-val 80.74%  (best 81.48 @ 103)  5152s
  epoch 152/200  loss 0.7113  src-val 80.74%  (best 81.48 @ 103)  5186s
  epoch 153/200  loss 0.7020  src-val 80.74%  (best 81.48 @ 103)  5220s
  epoch 154/200  loss 0.7308  src-val 80.56%  (best 81.48 @ 103)  5254s
  epoch 155/200  loss 0.6969  src-val 80.56%  (best 81.48 @ 103)  5288s
  epoch 156/200  loss 0.7106  src-val 80.37%  (best 81.48 @ 103)  5321s
  epoch 157/200  loss 0.7011  src-val 80.56%  (best 81.48 @ 103)  5355s
  epoch 158/200  loss 0.7073  src-val 80.37%  (best 81.48 @ 103)  5389s
  epoch 159/200  loss 0.7050  src-val 80.37%  (best 81.48 @ 103)  5423s
  epoch 160/200  loss 0.7056  src-val 80.37%  (best 81.48 @ 103)  5456s
  epoch 161/200  loss 0.7035  src-val 80.37%  (best 81.48 @ 103)  5490s
  epoch 162/200  loss 0.7131  src-val 80.19%  (best 81.48 @ 103)  5524s
  epoch 163/200  loss 0.7051  src-val 80.19%  (best 81.48 @ 103)  5558s
  epoch 164/200  loss 0.7267  src-val 80.37%  (best 81.48 @ 103)  5594s
  epoch 165/200  loss 0.6954  src-val 80.37%  (best 81.48 @ 103)  5628s
  epoch 166/200  loss 0.7077  src-val 80.37%  (best 81.48 @ 103)  5661s
  epoch 167/200  loss 0.6977  src-val 80.37%  (best 81.48 @ 103)  5695s
  epoch 168/200  loss 0.6927  src-val 80.37%  (best 81.48 @ 103)  5729s
  epoch 169/200  loss 0.6969  src-val 80.37%  (best 81.48 @ 103)  5763s
  epoch 170/200  loss 0.7058  src-val 80.37%  (best 81.48 @ 103)  5797s
  epoch 171/200  loss 0.6966  src-val 80.37%  (best 81.48 @ 103)  5830s
  epoch 172/200  loss 0.6979  src-val 80.37%  (best 81.48 @ 103)  5864s
  epoch 173/200  loss 0.6944  src-val 80.37%  (best 81.48 @ 103)  5898s
  epoch 174/200  loss 0.7081  src-val 80.37%  (best 81.48 @ 103)  5932s
  epoch 175/200  loss 0.7007  src-val 80.37%  (best 81.48 @ 103)  5966s
  epoch 176/200  loss 0.7024  src-val 80.19%  (best 81.48 @ 103)  6000s
  epoch 177/200  loss 0.7347  src-val 80.19%  (best 81.48 @ 103)  6033s
  epoch 178/200  loss 0.7168  src-val 80.19%  (best 81.48 @ 103)  6067s
  epoch 179/200  loss 0.7049  src-val 80.19%  (best 81.48 @ 103)  6101s
  epoch 180/200  loss 0.6945  src-val 80.19%  (best 81.48 @ 103)  6135s
  epoch 181/200  loss 0.6983  src-val 80.19%  (best 81.48 @ 103)  6169s
  epoch 182/200  loss 0.7036  src-val 80.19%  (best 81.48 @ 103)  6202s
  epoch 183/200  loss 0.6970  src-val 80.37%  (best 81.48 @ 103)  6236s
  epoch 184/200  loss 0.6983  src-val 80.37%  (best 81.48 @ 103)  6270s
  epoch 185/200  loss 0.7001  src-val 80.37%  (best 81.48 @ 103)  6304s
  epoch 186/200  loss 0.7019  src-val 80.37%  (best 81.48 @ 103)  6338s
  epoch 187/200  loss 0.7145  src-val 80.37%  (best 81.48 @ 103)  6372s
  epoch 188/200  loss 0.7326  src-val 80.37%  (best 81.48 @ 103)  6405s
  epoch 189/200  loss 0.6948  src-val 80.37%  (best 81.48 @ 103)  6439s
  epoch 190/200  loss 0.6989  src-val 80.19%  (best 81.48 @ 103)  6473s
  epoch 191/200  loss 0.7014  src-val 80.19%  (best 81.48 @ 103)  6507s
  epoch 192/200  loss 0.6987  src-val 80.19%  (best 81.48 @ 103)  6541s
  epoch 193/200  loss 0.6916  src-val 80.00%  (best 81.48 @ 103)  6575s
  epoch 194/200  loss 0.7036  src-val 80.19%  (best 81.48 @ 103)  6608s
  epoch 195/200  loss 0.6999  src-val 80.19%  (best 81.48 @ 103)  6642s
  epoch 196/200  loss 0.7104  src-val 80.19%  (best 81.48 @ 103)  6676s
  epoch 197/200  loss 0.6938  src-val 80.19%  (best 81.48 @ 103)  6710s
  epoch 198/200  loss 0.7122  src-val 80.19%  (best 81.48 @ 103)  6744s
  epoch 199/200  loss 0.6982  src-val 80.19%  (best 81.48 @ 103)  6777s
  epoch 200/200  loss 0.7015  src-val 80.19%  (best 81.48 @ 103)  6811s

--> B7: source-val 81.48%  |  TARGET 2b 62.43%  (113.5 min)
    B01 58.25  B02 59.50  B03 63.50  B04 62.86  B05 60.00  B06 63.00  B07 69.25  B08 67.27  B09 58.25
