config: channels=afpm  ea-scope=session  source-2a=official  filter=official
2a (source) ...
Extracting GDF parameters from /Users/user/MotorImagery/BCICIV_2a_gdf/A01T.gdf...
Setting channel info structure...
Could not determine channel type of the following channels, they will be set as EEG:
EEG-Fz, EEG, EEG, EEG, EEG, EEG, EEG, EEG-C3, EEG, EEG-Cz, EEG, EEG-C4, EEG, EEG, EEG, EEG, EEG, EEG, EEG, EEG-Pz, EEG, EEG, EOG-left, EOG-central, EOG-right
Creating raw.info structure...
Reading 0 ... 672527  =      0.000 ...  2690.108 secs...
Used Annotations descriptions: ['1023', '1072', '276', '277', '32766', '768', '769', '770', '771', '772']
  A01T: 144 left/right trials
Extracting GDF parameters from /Users/user/MotorImagery/BCICIV_2a_gdf/A01E.gdf...
Setting channel info structure...
Could not determine channel type of the following channels, they will be set as EEG:
EEG-Fz, EEG, EEG, EEG, EEG, EEG, EEG, EEG-C3, EEG, EEG-Cz, EEG, EEG-C4, EEG, EEG, EEG, EEG, EEG, EEG, EEG, EEG-Pz, EEG, EEG, EOG-left, EOG-central, EOG-right
Creating raw.info structure...
Reading 0 ... 686999  =      0.000 ...  2747.996 secs...
Used Annotations descriptions: ['1023', '1072', '276', '277', '32766', '768', '783']
  A01E: 144 left/right trials
Extracting GDF parameters from /Users/user/MotorImagery/BCICIV_2a_gdf/A02T.gdf...
Setting channel info structure...
Could not determine channel type of the following channels, they will be set as EEG:
EEG-Fz, EEG, EEG, EEG, EEG, EEG, EEG, EEG-C3, EEG, EEG-Cz, EEG, EEG-C4, EEG, EEG, EEG, EEG, EEG, EEG, EEG, EEG-Pz, EEG, EEG, EOG-left, EOG-central, EOG-right
Creating raw.info structure...
Reading 0 ... 677168  =      0.000 ...  2708.672 secs...
Used Annotations descriptions: ['1023', '1072', '276', '277', '32766', '768', '769', '770', '771', '772']
  A02T: 144 left/right trials
Extracting GDF parameters from /Users/user/MotorImagery/BCICIV_2a_gdf/A02E.gdf...
Setting channel info structure...
Could not determine channel type of the following channels, they will be set as EEG:
EEG-Fz, EEG, EEG, EEG, EEG, EEG, EEG, EEG-C3, EEG, EEG-Cz, EEG, EEG-C4, EEG, EEG, EEG, EEG, EEG, EEG, EEG, EEG-Pz, EEG, EEG, EOG-left, EOG-central, EOG-right
Creating raw.info structure...
Reading 0 ... 662665  =      0.000 ...  2650.660 secs...
Used Annotations descriptions: ['1023', '1072', '276', '277', '32766', '768', '783']
  A02E: 144 left/right trials
Extracting GDF parameters from /Users/user/MotorImagery/BCICIV_2a_gdf/A03T.gdf...
Setting channel info structure...
Could not determine channel type of the following channels, they will be set as EEG:
EEG-Fz, EEG, EEG, EEG, EEG, EEG, EEG, EEG-C3, EEG, EEG-Cz, EEG, EEG-C4, EEG, EEG, EEG, EEG, EEG, EEG, EEG, EEG-Pz, EEG, EEG, EOG-left, EOG-central, EOG-right
Creating raw.info structure...
Reading 0 ... 660529  =      0.000 ...  2642.116 secs...
Used Annotations descriptions: ['1023', '1072', '276', '277', '32766', '768', '769', '770', '771', '772']
  A03T: 144 left/right trials
Extracting GDF parameters from /Users/user/MotorImagery/BCICIV_2a_gdf/A03E.gdf...
Setting channel info structure...
Could not determine channel type of the following channels, they will be set as EEG:
EEG-Fz, EEG, EEG, EEG, EEG, EEG, EEG, EEG-C3, EEG, EEG-Cz, EEG, EEG-C4, EEG, EEG, EEG, EEG, EEG, EEG, EEG, EEG-Pz, EEG, EEG, EOG-left, EOG-central, EOG-right
Creating raw.info structure...
Reading 0 ... 648774  =      0.000 ...  2595.096 secs...
Used Annotations descriptions: ['1023', '1072', '276', '277', '32766', '768', '783']
  A03E: 144 left/right trials
Extracting GDF parameters from /Users/user/MotorImagery/BCICIV_2a_gdf/A04T.gdf...
Setting channel info structure...
Could not determine channel type of the following channels, they will be set as EEG:
EEG-Fz, EEG, EEG, EEG, EEG, EEG, EEG, EEG-C3, EEG, EEG-Cz, EEG, EEG-C4, EEG, EEG, EEG, EEG, EEG, EEG, EEG, EEG-Pz, EEG, EEG, EOG-left, EOG-central, EOG-right
Creating raw.info structure...
Reading 0 ... 600914  =      0.000 ...  2403.656 secs...
Used Annotations descriptions: ['1023', '1072', '32766', '768', '769', '770', '771', '772']
  A04T: 144 left/right trials
Extracting GDF parameters from /Users/user/MotorImagery/BCICIV_2a_gdf/A04E.gdf...
Setting channel info structure...
Could not determine channel type of the following channels, they will be set as EEG:
EEG-Fz, EEG, EEG, EEG, EEG, EEG, EEG, EEG-C3, EEG, EEG-Cz, EEG, EEG-C4, EEG, EEG, EEG, EEG, EEG, EEG, EEG, EEG-Pz, EEG, EEG, EOG-left, EOG-central, EOG-right
Creating raw.info structure...
Reading 0 ... 660046  =      0.000 ...  2640.184 secs...
Used Annotations descriptions: ['1023', '1072', '276', '277', '32766', '768', '783']
  A04E: 144 left/right trials
Extracting GDF parameters from /Users/user/MotorImagery/BCICIV_2a_gdf/A05T.gdf...
Setting channel info structure...
Could not determine channel type of the following channels, they will be set as EEG:
EEG-Fz, EEG, EEG, EEG, EEG, EEG, EEG, EEG-C3, EEG, EEG-Cz, EEG, EEG-C4, EEG, EEG, EEG, EEG, EEG, EEG, EEG, EEG-Pz, EEG, EEG, EOG-left, EOG-central, EOG-right
Creating raw.info structure...
Reading 0 ... 686119  =      0.000 ...  2744.476 secs...
Used Annotations descriptions: ['1023', '1072', '276', '277', '32766', '768', '769', '770', '771', '772']
  A05T: 144 left/right trials
Extracting GDF parameters from /Users/user/MotorImagery/BCICIV_2a_gdf/A05E.gdf...
Setting channel info structure...
Could not determine channel type of the following channels, they will be set as EEG:
EEG-Fz, EEG, EEG, EEG, EEG, EEG, EEG, EEG-C3, EEG, EEG-Cz, EEG, EEG-C4, EEG, EEG, EEG, EEG, EEG, EEG, EEG, EEG-Pz, EEG, EEG, EOG-left, EOG-central, EOG-right
Creating raw.info structure...
Reading 0 ... 679862  =      0.000 ...  2719.448 secs...
Used Annotations descriptions: ['1023', '1072', '276', '277', '32766', '768', '783']
  A05E: 144 left/right trials
Extracting GDF parameters from /Users/user/MotorImagery/BCICIV_2a_gdf/A06T.gdf...
Setting channel info structure...
Could not determine channel type of the following channels, they will be set as EEG:
EEG-Fz, EEG, EEG, EEG, EEG, EEG, EEG, EEG-C3, EEG, EEG-Cz, EEG, EEG-C4, EEG, EEG, EEG, EEG, EEG, EEG, EEG, EEG-Pz, EEG, EEG, EOG-left, EOG-central, EOG-right
Creating raw.info structure...
Reading 0 ... 678979  =      0.000 ...  2715.916 secs...
Used Annotations descriptions: ['1023', '1072', '276', '277', '32766', '768', '769', '770', '771', '772']
  A06T: 144 left/right trials
Extracting GDF parameters from /Users/user/MotorImagery/BCICIV_2a_gdf/A06E.gdf...
Setting channel info structure...
Could not determine channel type of the following channels, they will be set as EEG:
EEG-Fz, EEG, EEG, EEG, EEG, EEG, EEG, EEG-C3, EEG, EEG-Cz, EEG, EEG-C4, EEG, EEG, EEG, EEG, EEG, EEG, EEG, EEG-Pz, EEG, EEG, EOG-left, EOG-central, EOG-right
Creating raw.info structure...
Reading 0 ... 666372  =      0.000 ...  2665.488 secs...
Used Annotations descriptions: ['1023', '1072', '276', '277', '32766', '768', '783']
  A06E: 144 left/right trials
Extracting GDF parameters from /Users/user/MotorImagery/BCICIV_2a_gdf/A07T.gdf...
Setting channel info structure...
Could not determine channel type of the following channels, they will be set as EEG:
EEG-Fz, EEG, EEG, EEG, EEG, EEG, EEG, EEG-C3, EEG, EEG-Cz, EEG, EEG-C4, EEG, EEG, EEG, EEG, EEG, EEG, EEG, EEG-Pz, EEG, EEG, EOG-left, EOG-central, EOG-right
Creating raw.info structure...
Reading 0 ... 681070  =      0.000 ...  2724.280 secs...
Used Annotations descriptions: ['1023', '1072', '276', '277', '32766', '768', '769', '770', '771', '772']
  A07T: 144 left/right trials
Extracting GDF parameters from /Users/user/MotorImagery/BCICIV_2a_gdf/A07E.gdf...
Setting channel info structure...
Could not determine channel type of the following channels, they will be set as EEG:
EEG-Fz, EEG, EEG, EEG, EEG, EEG, EEG, EEG-C3, EEG, EEG-Cz, EEG, EEG-C4, EEG, EEG, EEG, EEG, EEG, EEG, EEG, EEG-Pz, EEG, EEG, EOG-left, EOG-central, EOG-right
Creating raw.info structure...
Reading 0 ... 673134  =      0.000 ...  2692.536 secs...
Used Annotations descriptions: ['1023', '1072', '276', '277', '32766', '768', '783']
  A07E: 144 left/right trials
Extracting GDF parameters from /Users/user/MotorImagery/BCICIV_2a_gdf/A08T.gdf...
Setting channel info structure...
Could not determine channel type of the following channels, they will be set as EEG:
EEG-Fz, EEG, EEG, EEG, EEG, EEG, EEG, EEG-C3, EEG, EEG-Cz, EEG, EEG-C4, EEG, EEG, EEG, EEG, EEG, EEG, EEG, EEG-Pz, EEG, EEG, EOG-left, EOG-central, EOG-right
Creating raw.info structure...
Reading 0 ... 675269  =      0.000 ...  2701.076 secs...
Used Annotations descriptions: ['1023', '1072', '276', '277', '32766', '768', '769', '770', '771', '772']
  A08T: 144 left/right trials
Extracting GDF parameters from /Users/user/MotorImagery/BCICIV_2a_gdf/A08E.gdf...
Setting channel info structure...
Could not determine channel type of the following channels, they will be set as EEG:
EEG-Fz, EEG, EEG, EEG, EEG, EEG, EEG, EEG-C3, EEG, EEG-Cz, EEG, EEG-C4, EEG, EEG, EEG, EEG, EEG, EEG, EEG, EEG-Pz, EEG, EEG, EOG-left, EOG-central, EOG-right
Creating raw.info structure...
Reading 0 ... 687791  =      0.000 ...  2751.164 secs...
Used Annotations descriptions: ['1023', '1072', '276', '277', '32766', '768', '783']
  A08E: 144 left/right trials
Extracting GDF parameters from /Users/user/MotorImagery/BCICIV_2a_gdf/A09T.gdf...
Setting channel info structure...
Could not determine channel type of the following channels, they will be set as EEG:
EEG-Fz, EEG, EEG, EEG, EEG, EEG, EEG, EEG-C3, EEG, EEG-Cz, EEG, EEG-C4, EEG, EEG, EEG, EEG, EEG, EEG, EEG, EEG-Pz, EEG, EEG, EOG-left, EOG-central, EOG-right
Creating raw.info structure...
Reading 0 ... 673327  =      0.000 ...  2693.308 secs...
Used Annotations descriptions: ['1023', '1072', '276', '277', '32766', '768', '769', '770', '771', '772']
  A09T: 144 left/right trials
Extracting GDF parameters from /Users/user/MotorImagery/BCICIV_2a_gdf/A09E.gdf...
Setting channel info structure...
Could not determine channel type of the following channels, they will be set as EEG:
EEG-Fz, EEG, EEG, EEG, EEG, EEG, EEG, EEG-C3, EEG, EEG-Cz, EEG, EEG-C4, EEG, EEG, EEG, EEG, EEG, EEG, EEG, EEG-Pz, EEG, EEG, EOG-left, EOG-central, EOG-right
Creating raw.info structure...
Reading 0 ... 675097  =      0.000 ...  2700.388 secs...
Used Annotations descriptions: ['1023', '1072', '276', '277', '32766', '768', '783']
  A09E: 144 left/right trials
2b (target) ...
  B0101T: 120 trials
  B0102T: 120 trials
  B0103T: 160 trials
  B0201T: 120 trials
  B0202T: 120 trials
  B0203T: 160 trials
  B0301T: 120 trials
  B0302T: 120 trials
  B0303T: 160 trials
  B0401T: 120 trials
  B0402T: 140 trials
  B0403T: 160 trials
  B0501T: 120 trials
  B0502T: 140 trials
  B0503T: 160 trials
  B0601T: 120 trials
  B0602T: 120 trials
  B0603T: 160 trials
  B0701T: 120 trials
  B0702T: 120 trials
  B0703T: 160 trials
  B0801T: 160 trials
  B0802T: 120 trials
  B0803T: 160 trials
  B0901T: 120 trials
  B0902T: 120 trials
  B0903T: 160 trials

raw shapes: 2a (2592, 17, 1000)  2b (3680, 17, 1000)
  2a EA check  ||R-I||/||I|| = 0.0951   (17 live of 17 channels)
  2b EA check  ||R-I||/||I|| = 0.0000   (3 live of 17 channels)

filter bank 2a ...
    0/2592
    1000/2592
    2000/2592
filter bank 2b ...
    0/3680
    1000/3680
    2000/3680
    3000/3680

source (2592, 17, 1000, 9)  classes [1296 1296]  subjects [288 288 288 288 288 288 288 288 288]
target (3680, 17, 1000, 9)  classes [1840 1840]  subjects [400 400 400 420 420 400 400 440 400]
saved -> /Users/user/MotorImagery/cross_2a_2b_afpm.npz  (3.84 GB)
